// Vitest Snapshot v1, https://vitest.dev/guide/snapshot.html

exports[`RootLayout > matches the snapshot 1`] = `
<DocumentFragment>
  <div>
    Layout child
  </div>
  <section
    aria-label="Cookie consent"
    class="fixed inset-x-0 bottom-0 z-[70] bg-background/72 p-0 shadow-[0_-24px_80px_rgba(15,23,42,0.14)] backdrop-blur-sm"
  >
    <div
      class="grid w-full gap-6 border border-border bg-card p-6 text-card-foreground shadow-[0_22px_70px_rgba(15,23,42,0.16)] md:grid-cols-[12rem_minmax(0,1fr)] lg:grid-cols-[12rem_minmax(0,1fr)_17rem] lg:items-center"
    >
      <div
        class="flex items-center gap-9 md:min-h-48 md:flex-col md:items-center md:justify-center"
      >
        <img
          alt="Dream Big Software logo"
          class="h-16 w-16 object-contain dark:invert md:h-24 md:w-24"
          height="88"
          src="dreambig-logo.svg"
          width="88"
        />
        <span
          class="text-sm font-semibold text-foreground md:text-center"
        >
          Dream Big Software
        </span>
      </div>
      <div
        class="grid gap-8"
      >
        <div
          class="max-w-5xl"
        >
          <h2
            class="text-base font-semibold text-foreground"
          >
            This website uses cookies
          </h2>
          <p
            class="mt-1 text-sm leading-6 text-foreground md:text-base"
          >
            Our site uses cookies to tailor content and ads, provide social media functionalities, and analyze our traffic. Information regarding your use of our website is also shared with our trusted social media, advertising, and analytics partners. They may integrate this data with other information you've shared with them or that they've collected through your use of their platforms.
          </p>
        </div>
        <div
          class="flex flex-wrap items-center gap-x-8 gap-y-4"
        >
          <label
            class="flex items-center gap-2 text-sm font-semibold text-foreground cursor-not-allowed"
          >
            <span>
              Necessary
            </span>
            <button
              aria-checked="true"
              aria-label="Necessary cookies"
              class="peer data-[state=checked]:bg-primary data-[state=unchecked]:bg-input focus-visible:border-ring focus-visible:ring-ring/50 dark:data-[state=unchecked]:bg-input/80 inline-flex h-[1.15rem] w-8 shrink-0 items-center rounded-full border border-transparent shadow-xs transition-all outline-none focus-visible:ring-[3px] disabled:cursor-not-allowed disabled:opacity-50"
              data-disabled=""
              data-slot="switch"
              data-state="checked"
              disabled=""
              role="switch"
              type="button"
              value="on"
            >
              <span
                class="bg-background dark:data-[state=unchecked]:bg-foreground dark:data-[state=checked]:bg-primary-foreground pointer-events-none block size-4 rounded-full ring-0 transition-transform data-[state=checked]:translate-x-[calc(100%-2px)] data-[state=unchecked]:translate-x-0"
                data-disabled=""
                data-slot="switch-thumb"
                data-state="checked"
              />
            </button>
          </label>
          <label
            class="flex items-center gap-2 text-sm font-semibold text-foreground"
          >
            <span>
              Preferences
            </span>
            <button
              aria-checked="false"
              aria-label="Preferences cookies"
              class="peer data-[state=checked]:bg-primary data-[state=unchecked]:bg-input focus-visible:border-ring focus-visible:ring-ring/50 dark:data-[state=unchecked]:bg-input/80 inline-flex h-[1.15rem] w-8 shrink-0 items-center rounded-full border border-transparent shadow-xs transition-all outline-none focus-visible:ring-[3px] disabled:cursor-not-allowed disabled:opacity-50"
              data-slot="switch"
              data-state="unchecked"
              role="switch"
              type="button"
              value="on"
            >
              <span
                class="bg-background dark:data-[state=unchecked]:bg-foreground dark:data-[state=checked]:bg-primary-foreground pointer-events-none block size-4 rounded-full ring-0 transition-transform data-[state=checked]:translate-x-[calc(100%-2px)] data-[state=unchecked]:translate-x-0"
                data-slot="switch-thumb"
                data-state="unchecked"
              />
            </button>
          </label>
          <label
            class="flex items-center gap-2 text-sm font-semibold text-foreground"
          >
            <span>
              Statistics
            </span>
            <button
              aria-checked="false"
              aria-label="Statistics cookies"
              class="peer data-[state=checked]:bg-primary data-[state=unchecked]:bg-input focus-visible:border-ring focus-visible:ring-ring/50 dark:data-[state=unchecked]:bg-input/80 inline-flex h-[1.15rem] w-8 shrink-0 items-center rounded-full border border-transparent shadow-xs transition-all outline-none focus-visible:ring-[3px] disabled:cursor-not-allowed disabled:opacity-50"
              data-slot="switch"
              data-state="unchecked"
              role="switch"
              type="button"
              value="on"
            >
              <span
                class="bg-background dark:data-[state=unchecked]:bg-foreground dark:data-[state=checked]:bg-primary-foreground pointer-events-none block size-4 rounded-full ring-0 transition-transform data-[state=checked]:translate-x-[calc(100%-2px)] data-[state=unchecked]:translate-x-0"
                data-slot="switch-thumb"
                data-state="unchecked"
              />
            </button>
          </label>
          <label
            class="flex items-center gap-2 text-sm font-semibold text-foreground"
          >
            <span>
              Marketing
            </span>
            <button
              aria-checked="false"
              aria-label="Marketing cookies"
              class="peer data-[state=checked]:bg-primary data-[state=unchecked]:bg-input focus-visible:border-ring focus-visible:ring-ring/50 dark:data-[state=unchecked]:bg-input/80 inline-flex h-[1.15rem] w-8 shrink-0 items-center rounded-full border border-transparent shadow-xs transition-all outline-none focus-visible:ring-[3px] disabled:cursor-not-allowed disabled:opacity-50"
              data-slot="switch"
              data-state="unchecked"
              role="switch"
              type="button"
              value="on"
            >
              <span
                class="bg-background dark:data-[state=unchecked]:bg-foreground dark:data-[state=checked]:bg-primary-foreground pointer-events-none block size-4 rounded-full ring-0 transition-transform data-[state=checked]:translate-x-[calc(100%-2px)] data-[state=unchecked]:translate-x-0"
                data-slot="switch-thumb"
                data-state="unchecked"
              />
            </button>
          </label>
          <a
            class="text-muted-foreground underline underline-offset-4 transition-colors hover:text-foreground dark:text-foreground/72 dark:hover:text-foreground/92"
            href="/website-cookies"
          >
            Website-cookies
          </a>
        </div>
      </div>
      <div
        class="grid gap-3 md:col-span-2 lg:col-span-1"
      >
        <button
          class="inline-flex items-center justify-center gap-2 whitespace-nowrap rounded-md text-base font-medium transition-all disabled:pointer-events-none disabled:opacity-50 [&_svg]:pointer-events-none [&_svg:not([class*='size-'])]:size-4 shrink-0 [&_svg]:shrink-0 aria-invalid:ring-destructive/20 dark:aria-invalid:ring-destructive/40 aria-invalid:border-destructive cursor-pointer bg-primary text-primary-foreground shadow-sm hover:bg-primary/80 hover:shadow-[0_10px_24px_rgba(15,23,42,0.16)] active:shadow-sm px-4 py-2 has-[>svg]:px-3 h-12"
          data-slot="button"
          type="button"
        >
          Allow all
        </button>
        <button
          class="inline-flex items-center justify-center gap-2 whitespace-nowrap rounded-md text-base font-medium transition-all disabled:pointer-events-none disabled:opacity-50 [&_svg]:pointer-events-none [&_svg:not([class*='size-'])]:size-4 shrink-0 [&_svg]:shrink-0 aria-invalid:ring-destructive/20 dark:aria-invalid:ring-destructive/40 aria-invalid:border-destructive cursor-pointer border bg-background shadow-xs hover:bg-accent hover:text-accent-foreground dark:bg-input/30 dark:border-input dark:hover:bg-input/50 px-4 py-2 has-[>svg]:px-3 h-12"
          data-slot="button"
          type="button"
        >
          Allow selection
        </button>
        <button
          class="inline-flex items-center justify-center gap-2 whitespace-nowrap rounded-md text-base font-medium transition-all disabled:pointer-events-none disabled:opacity-50 [&_svg]:pointer-events-none [&_svg:not([class*='size-'])]:size-4 shrink-0 [&_svg]:shrink-0 aria-invalid:ring-destructive/20 dark:aria-invalid:ring-destructive/40 aria-invalid:border-destructive cursor-pointer border bg-background shadow-xs hover:bg-accent hover:text-accent-foreground dark:bg-input/30 dark:border-input dark:hover:bg-input/50 px-4 py-2 has-[>svg]:px-3 h-12"
          data-slot="button"
          type="button"
        >
          Reject
        </button>
      </div>
    </div>
  </section>
</DocumentFragment>
`;
