// Vitest Snapshot v1, https://vitest.dev/guide/snapshot.html

exports[`Footer > matches the snapshot 1`] = `
<DocumentFragment>
  <footer
    class="border-t border-border/80 bg-background/92 py-8 dark:border-white/10 dark:bg-card/88"
  >
    <div
      class="container mx-auto px-4 sm:px-6 lg:px-8"
    >
      <div
        class="flex flex-col items-center justify-between gap-4 md:flex-row"
      >
        <a
          class="flex items-center gap-3"
          href="#top"
        >
          <img
            alt="Dream Big Software Solutions logo"
            class="h-8 w-8 object-contain dark:invert"
            height="32"
            src="dreambig-logo.svg"
            width="32"
          />
          <span
            class="font-medium text-foreground/90 dark:text-foreground/88"
          >
            Dream Big Software Solutions
          </span>
        </a>
        <p
          class="text-sm text-muted-foreground dark:text-foreground/72"
        >
          © 2026 Dream Big Kft. All rights reserved.
        </p>
      </div>
    </div>
  </footer>
</DocumentFragment>
`;
