// Vitest Snapshot v1, https://vitest.dev/guide/snapshot.html

exports[`Hero > matches the snapshot 1`] = `
<DocumentFragment>
  <section
    class="relative overflow-hidden pt-35 pb-24 lg:pt-40 lg:pb-24"
  >
    <div
      class="absolute inset-0 -z-10"
    >
      <div
        class="absolute top-0 right-0 -translate-y-1/4 translate-x-1/4 w-[600px] h-[600px] rounded-full bg-gradient-to-br from-muted/40 to-transparent blur-3xl"
      />
      <div
        class="absolute bottom-0 left-0 translate-y-1/4 -translate-x-1/4 w-[600px] h-[600px] rounded-full bg-gradient-to-tr from-muted/30 to-transparent blur-3xl"
      />
    </div>
    <div
      class="container mx-auto px-4 sm:px-6 lg:px-8"
    >
      <div
        class="grid items-center gap-16 lg:grid-cols-2 lg:gap-16"
      >
        <div
          class="mx-auto w-full max-w-2xl text-left lg:mx-0 lg:max-w-xl"
        >
          <h1
            class="text-4xl sm:text-5xl lg:text-6xl font-bold tracking-tight text-foreground text-balance leading-[1.1]"
          >
            Custom Software That Moves Your Business Forward
          </h1>
          <p
            class="mt-8 max-w-xl text-lg leading-relaxed text-muted-foreground lg:mx-0"
          >
            We design and build scalable web applications, cloud systems, and APIs for startups and growing companies.
          </p>
          <ul
            class="mt-8 space-y-4 flex flex-col items-start"
          >
            <li
              class="flex items-start gap-3 text-lg text-foreground"
            >
              <span
                class="flex h-5 w-5 mt-1 flex-shrink-0 items-center justify-center rounded-full bg-primary"
              >
                <svg
                  aria-hidden="true"
                  class="lucide lucide-check w-3 h-3 text-background"
                  fill="none"
                  height="24"
                  stroke="currentColor"
                  stroke-linecap="round"
                  stroke-linejoin="round"
                  stroke-width="2"
                  viewBox="0 0 24 24"
                  width="24"
                  xmlns="http://www.w3.org/2000/svg"
                >
                  <path
                    d="M20 6 9 17l-5-5"
                  />
                </svg>
              </span>
              Senior engineers embedded in your team
            </li>
            <li
              class="flex items-start gap-3 text-lg text-foreground"
            >
              <span
                class="flex h-5 w-5 mt-1 flex-shrink-0 items-center justify-center rounded-full bg-primary"
              >
                <svg
                  aria-hidden="true"
                  class="lucide lucide-check w-3 h-3 text-background"
                  fill="none"
                  height="24"
                  stroke="currentColor"
                  stroke-linecap="round"
                  stroke-linejoin="round"
                  stroke-width="2"
                  viewBox="0 0 24 24"
                  width="24"
                  xmlns="http://www.w3.org/2000/svg"
                >
                  <path
                    d="M20 6 9 17l-5-5"
                  />
                </svg>
              </span>
              Modern web & cloud architecture
            </li>
            <li
              class="flex items-start gap-3 text-lg text-foreground"
            >
              <span
                class="flex h-5 w-5 mt-1 flex-shrink-0 items-center justify-center rounded-full bg-primary"
              >
                <svg
                  aria-hidden="true"
                  class="lucide lucide-check w-3 h-3 text-background"
                  fill="none"
                  height="24"
                  stroke="currentColor"
                  stroke-linecap="round"
                  stroke-linejoin="round"
                  stroke-width="2"
                  viewBox="0 0 24 24"
                  width="24"
                  xmlns="http://www.w3.org/2000/svg"
                >
                  <path
                    d="M20 6 9 17l-5-5"
                  />
                </svg>
              </span>
              Fast delivery without technical debt
            </li>
          </ul>
          <div
            class="mt-12 flex justify-end lg:justify-start flex-wrap gap-4"
          >
            <button
              class="inline-flex items-center justify-center gap-2 whitespace-nowrap text-base transition-all disabled:pointer-events-none disabled:opacity-50 [&_svg]:pointer-events-none [&_svg:not([class*='size-'])]:size-4 shrink-0 [&_svg]:shrink-0 aria-invalid:ring-destructive/20 dark:aria-invalid:ring-destructive/40 aria-invalid:border-destructive cursor-pointer bg-primary text-primary-foreground shadow-sm hover:bg-primary hover:shadow-[0_10px_24px_rgba(15,23,42,0.16)] active:shadow-sm h-10 rounded-md has-[>svg]:px-4 px-8 font-medium"
              data-slot="button"
            >
              Book a Consultation
            </button>
          </div>
        </div>
        <div
          class="relative mx-auto hidden w-full max-w-sm lg:ml-auto lg:mr-0 lg:block lg:max-w-xl"
        >
          <div
            class="relative mx-auto rounded-xl border border-border bg-slate-900 p-1 shadow-2xl"
          >
            <div
              class="hidden items-center gap-2 border-b border-slate-700 px-3 py-2 lg:flex lg:px-4 lg:py-3"
            >
              <div
                class="flex gap-1.5"
              >
                <div
                  class="w-3 h-3 rounded-full bg-red-500/70"
                />
                <div
                  class="w-3 h-3 rounded-full bg-yellow-500/70"
                />
                <div
                  class="w-3 h-3 rounded-full bg-green-500/70"
                />
              </div>
              <div
                class="flex-1 text-center"
              >
                <span
                  class="text-[11px] font-mono text-slate-400 lg:text-xs"
                >
                  api-service.ts
                </span>
              </div>
            </div>
            <div
              class="overflow-hidden p-3 font-mono text-[11px] lg:p-4 lg:text-sm"
            >
              <pre
                class="overflow-hidden text-slate-300"
              >
                <code>
                  <span
                    class="text-pink-400"
                  >
                    import
                  </span>
                   { 
                  <span
                    class="text-sky-400"
                  >
                    createServer
                  </span>
                   } 
                  <span
                    class="text-pink-400"
                  >
                    from
                  </span>
                   
                  <span
                    class="text-green-400"
                  >
                    '@api/core'
                  </span>
                  

                  <span
                    class="text-pink-400"
                  >
                    import
                  </span>
                   { 
                  <span
                    class="text-sky-400"
                  >
                    auth
                  </span>
                  , 
                  <span
                    class="text-sky-400"
                  >
                    rateLimit
                  </span>
                   } 
                  <span
                    class="text-pink-400"
                  >
                    from
                  </span>
                   
                  <span
                    class="text-green-400"
                  >
                    '@middleware'
                  </span>
                  


                  <span
                    class="text-pink-400"
                  >
                    const
                  </span>
                   
                  <span
                    class="text-sky-400"
                  >
                    app
                  </span>
                   = 
                  <span
                    class="text-yellow-400"
                  >
                    createServer
                  </span>
                  ({
  
                  <span
                    class="text-slate-100"
                  >
                    port
                  </span>
                  : 
                  <span
                    class="text-orange-400"
                  >
                    3000
                  </span>
                  ,
  
                  <span
                    class="text-slate-100"
                  >
                    middleware
                  </span>
                  : [
                  <span
                    class="text-sky-400"
                  >
                    auth
                  </span>
                  , 
                  <span
                    class="text-sky-400"
                  >
                    rateLimit
                  </span>
                  ],
  
                  <span
                    class="text-slate-100"
                  >
                    cors
                  </span>
                  : 
                  <span
                    class="text-orange-400"
                  >
                    true
                  </span>
                  ,
})


                  <span
                    class="text-sky-400"
                  >
                    app
                  </span>
                  .
                  <span
                    class="text-yellow-400"
                  >
                    get
                  </span>
                  (
                  <span
                    class="text-green-400"
                  >
                    '/api/health'
                  </span>
                  , () =&gt; ({
  
                  <span
                    class="text-slate-100"
                  >
                    status
                  </span>
                  : 
                  <span
                    class="text-green-400"
                  >
                    'healthy'
                  </span>
                  ,
  
                  <span
                    class="text-slate-100"
                  >
                    uptime
                  </span>
                  : 
                  <span
                    class="text-sky-400"
                  >
                    process
                  </span>
                  .
                  <span
                    class="text-yellow-400"
                  >
                    uptime
                  </span>
                  ()
}))


                  <span
                    class="text-slate-500"
                  >
                    // Production ready
                  </span>
                </code>
              </pre>
            </div>
          </div>
          <div
            class="absolute left-1/2 -bottom-6 -translate-x-1/2 rounded-lg border border-border bg-card p-3 shadow-xl lg:-bottom-8 lg:left-auto lg:-left-8 lg:translate-x-0 lg:p-4"
          >
            <div
              class="flex items-center gap-3"
            >
              <div
                class="flex h-9 w-9 items-center justify-center rounded-full bg-green-500/10 lg:h-10 lg:w-10"
              >
                <div
                  class="w-2 h-2 rounded-full bg-green-500 animate-pulse"
                />
              </div>
              <div>
                <p
                  class="font-medium text-foreground text-sm lg:text-base"
                >
                  99.9% Uptime
                </p>
                <p
                  class="text-muted-foreground text-sm text-sm lg:text-base"
                >
                  Production Systems
                </p>
              </div>
            </div>
          </div>
        </div>
      </div>
    </div>
  </section>
</DocumentFragment>
`;
