// Vitest Snapshot v1, https://vitest.dev/guide/snapshot.html

exports[`CTASection > matches the snapshot 1`] = `
<DocumentFragment>
  <section
    class="border-t border-border/70 bg-card/80 py-24 dark:border-white/8 dark:bg-background lg:py-24"
  >
    <div
      class="container mx-auto px-4 sm:px-6 lg:px-8"
    >
      <div
        class="mx-auto max-w-3xl text-center"
      >
        <h2
          class="text-3xl sm:text-4xl lg:text-5xl font-bold tracking-tight text-foreground text-balance"
        >
          Need a Software Partner?
        </h2>
        <p
          class="mx-auto mt-8 max-w-2xl text-lg leading-relaxed text-muted-foreground"
        >
          Whether you are building a new product or scaling an existing platform, we help teams design and deliver reliable software.
        </p>
        <div
          class="mt-12"
        >
          <button
            class="inline-flex items-center justify-center gap-2 whitespace-nowrap text-md transition-all disabled:pointer-events-none disabled:opacity-50 [&_svg]:pointer-events-none [&_svg:not([class*='size-'])]:size-4 shrink-0 [&_svg]:shrink-0 outline-none focus-visible:border-ring focus-visible:ring-ring/50 focus-visible:ring-[3px] aria-invalid:ring-destructive/20 dark:aria-invalid:ring-destructive/40 aria-invalid:border-destructive bg-primary text-primary-foreground shadow-sm hover:bg-primary hover:-translate-y-0.5 hover:shadow-[0_10px_24px_rgba(15,23,42,0.16)] active:translate-y-0 active:shadow-sm h-10 rounded-md has-[>svg]:px-4 px-8 font-medium group"
            data-slot="button"
          >
            Start a Project
            <svg
              aria-hidden="true"
              class="lucide lucide-arrow-right ml-2 w-4 h-4 transition-transform group-hover:translate-x-1"
              fill="none"
              height="24"
              stroke="currentColor"
              stroke-linecap="round"
              stroke-linejoin="round"
              stroke-width="2"
              viewBox="0 0 24 24"
              width="24"
              xmlns="http://www.w3.org/2000/svg"
            >
              <path
                d="M5 12h14"
              />
              <path
                d="m12 5 7 7-7 7"
              />
            </svg>
          </button>
        </div>
      </div>
    </div>
  </section>
</DocumentFragment>
`;
