// Vitest Snapshot v1, https://vitest.dev/guide/snapshot.html

exports[`TechStackSection > matches the snapshot 1`] = `
<DocumentFragment>
  <section
    class="border-y border-border/75 bg-muted/70 py-24 dark:border-white/8 dark:bg-card/55 lg:py-24"
  >
    <div
      class="container mx-auto px-4 sm:px-6 lg:px-8"
    >
      <div
        class="mx-auto mb-16 max-w-2xl text-center"
      >
        <h2
          class="text-3xl sm:text-4xl font-bold tracking-tight text-foreground text-balance"
        >
          Technology Stack
        </h2>
        <p
          class="mt-8 text-muted-foreground"
        >
          We use modern, battle-tested technologies to build reliable systems
        </p>
      </div>
      <div
        class="mx-auto grid max-w-4xl grid-cols-2 gap-4 sm:grid-cols-4 lg:grid-cols-8"
      >
        <div
          class="card-hover-modern-light flex flex-col items-center justify-center rounded-xl border border-border bg-card p-6 hover:border-primary/20"
        >
          <span
            class="text-2xl mb-2 font-mono"
          >
            ⚛️
          </span>
          <span
            class="text-sm font-medium text-foreground"
          >
            React
          </span>
        </div>
        <div
          class="card-hover-modern-light flex flex-col items-center justify-center rounded-xl border border-border bg-card p-6 hover:border-primary/20"
        >
          <span
            class="text-2xl mb-2 font-mono"
          >
            ▲
          </span>
          <span
            class="text-sm font-medium text-foreground"
          >
            Next.js
          </span>
        </div>
        <div
          class="card-hover-modern-light flex flex-col items-center justify-center rounded-xl border border-border bg-card p-6 hover:border-primary/20"
        >
          <span
            class="text-2xl mb-2 font-mono"
          >
            TS
          </span>
          <span
            class="text-sm font-medium text-foreground"
          >
            TypeScript
          </span>
        </div>
        <div
          class="card-hover-modern-light flex flex-col items-center justify-center rounded-xl border border-border bg-card p-6 hover:border-primary/20"
        >
          <span
            class="text-2xl mb-2 font-mono"
          >
            🟢
          </span>
          <span
            class="text-sm font-medium text-foreground"
          >
            Node.js
          </span>
        </div>
        <div
          class="card-hover-modern-light flex flex-col items-center justify-center rounded-xl border border-border bg-card p-6 hover:border-primary/20"
        >
          <span
            class="text-2xl mb-2 font-mono"
          >
            ☁️
          </span>
          <span
            class="text-sm font-medium text-foreground"
          >
            AWS
          </span>
        </div>
        <div
          class="card-hover-modern-light flex flex-col items-center justify-center rounded-xl border border-border bg-card p-6 hover:border-primary/20"
        >
          <span
            class="text-2xl mb-2 font-mono"
          >
            🐳
          </span>
          <span
            class="text-sm font-medium text-foreground"
          >
            Docker
          </span>
        </div>
        <div
          class="card-hover-modern-light flex flex-col items-center justify-center rounded-xl border border-border bg-card p-6 hover:border-primary/20"
        >
          <span
            class="text-2xl mb-2 font-mono"
          >
            ◈
          </span>
          <span
            class="text-sm font-medium text-foreground"
          >
            GraphQL
          </span>
        </div>
        <div
          class="card-hover-modern-light flex flex-col items-center justify-center rounded-xl border border-border bg-card p-6 hover:border-primary/20"
        >
          <span
            class="text-2xl mb-2 font-mono"
          >
            🐘
          </span>
          <span
            class="text-sm font-medium text-foreground"
          >
            PostgreSQL
          </span>
        </div>
      </div>
    </div>
  </section>
</DocumentFragment>
`;
