// Vitest Snapshot v1, https://vitest.dev/guide/snapshot.html

exports[`TrustSection > matches the snapshot 1`] = `
<DocumentFragment>
  <section
    class="border-y border-border bg-card/50"
  >
    <div
      class="container mx-auto px-4 sm:px-6 lg:px-8 py-12"
    >
      <div
        class="flex flex-col lg:flex-row items-center lg:items-center lg:justify-start gap-8 lg:gap-10"
      >
        <p
          class="trust-reveal-left text-muted-foreground font-medium text-center lg:text-left"
        >
          Trusted Engineering Partner
        </p>
        <div
          class="trust-marquee w-full lg:flex-1"
        >
          <div
            class="trust-marquee-track"
          >
            <div
              class="trust-marquee-item flex items-center gap-3 text-foreground"
            >
              <span
                class="text-2xl"
              >
                🏢
              </span>
              <span
                class="font-medium whitespace-nowrap"
              >
                SaaS Companies
              </span>
            </div>
            <div
              class="trust-marquee-item flex items-center gap-3 text-foreground"
            >
              <span
                class="text-2xl"
              >
                🚀
              </span>
              <span
                class="font-medium whitespace-nowrap"
              >
                Tech Startups
              </span>
            </div>
            <div
              class="trust-marquee-item flex items-center gap-3 text-foreground"
            >
              <span
                class="text-2xl"
              >
                🏛️
              </span>
              <span
                class="font-medium whitespace-nowrap"
              >
                Enterprise Teams
              </span>
            </div>
            <div
              class="trust-marquee-item flex items-center gap-3 text-foreground"
            >
              <span
                class="text-2xl"
              >
                🏢
              </span>
              <span
                class="font-medium whitespace-nowrap"
              >
                SaaS Companies
              </span>
            </div>
            <div
              class="trust-marquee-item flex items-center gap-3 text-foreground"
            >
              <span
                class="text-2xl"
              >
                🚀
              </span>
              <span
                class="font-medium whitespace-nowrap"
              >
                Tech Startups
              </span>
            </div>
            <div
              class="trust-marquee-item flex items-center gap-3 text-foreground"
            >
              <span
                class="text-2xl"
              >
                🏛️
              </span>
              <span
                class="font-medium whitespace-nowrap"
              >
                Enterprise Teams
              </span>
            </div>
            <div
              class="trust-marquee-item flex items-center gap-3 text-foreground"
            >
              <span
                class="text-2xl"
              >
                🏢
              </span>
              <span
                class="font-medium whitespace-nowrap"
              >
                SaaS Companies
              </span>
            </div>
            <div
              class="trust-marquee-item flex items-center gap-3 text-foreground"
            >
              <span
                class="text-2xl"
              >
                🚀
              </span>
              <span
                class="font-medium whitespace-nowrap"
              >
                Tech Startups
              </span>
            </div>
            <div
              class="trust-marquee-item flex items-center gap-3 text-foreground"
            >
              <span
                class="text-2xl"
              >
                🏛️
              </span>
              <span
                class="font-medium whitespace-nowrap"
              >
                Enterprise Teams
              </span>
            </div>
            <div
              class="trust-marquee-item flex items-center gap-3 text-foreground"
            >
              <span
                class="text-2xl"
              >
                🏢
              </span>
              <span
                class="font-medium whitespace-nowrap"
              >
                SaaS Companies
              </span>
            </div>
            <div
              class="trust-marquee-item flex items-center gap-3 text-foreground"
            >
              <span
                class="text-2xl"
              >
                🚀
              </span>
              <span
                class="font-medium whitespace-nowrap"
              >
                Tech Startups
              </span>
            </div>
            <div
              class="trust-marquee-item flex items-center gap-3 text-foreground"
            >
              <span
                class="text-2xl"
              >
                🏛️
              </span>
              <span
                class="font-medium whitespace-nowrap"
              >
                Enterprise Teams
              </span>
            </div>
          </div>
        </div>
      </div>
    </div>
  </section>
</DocumentFragment>
`;
